* using log directory ‘/home/rstudio/TransView/..Rcheck’
* using R Under development (unstable) (2025-01-20 r87609)
* using platform: x86_64-pc-linux-gnu
* R was compiled by
    gcc (Ubuntu 13.3.0-6ubuntu2~24.04) 13.3.0
    GNU Fortran (Ubuntu 13.3.0-6ubuntu2~24.04) 13.3.0
* running under: Ubuntu 24.04.1 LTS
* using session charset: UTF-8
* using option ‘--no-build-vignettes’
* checking for file ‘./DESCRIPTION’ ... OK
* checking extension type ... Package
* this is package ‘TransView’ version ‘1.50.1’
* checking package namespace information ... OK
* checking package dependencies ... OK
* checking if this is a source package ... WARNING
Subdirectory ‘TransView/src’ contains apparent object files/libraries
  R_init_TransView.o TransView.so bam_plbuf.o bin_density.o
  construct_dc.o parse_sam.o slice_dc.o visuals.o
Object files/libraries should not be included in a source package.

In addition to the above warning(s), found the following notes:

Found the following apparent object files/libraries:
  TransView.Rcheck/00_pkg_src/TransView/src/R_init_TransView.o
  TransView.Rcheck/00_pkg_src/TransView/src/TransView.so
  TransView.Rcheck/00_pkg_src/TransView/src/bam_plbuf.o
  TransView.Rcheck/00_pkg_src/TransView/src/bin_density.o
  TransView.Rcheck/00_pkg_src/TransView/src/construct_dc.o
  TransView.Rcheck/00_pkg_src/TransView/src/parse_sam.o
  TransView.Rcheck/00_pkg_src/TransView/src/slice_dc.o
  TransView.Rcheck/00_pkg_src/TransView/src/visuals.o
  TransView.Rcheck/TransView/libs/TransView.so
Object files/libraries should not be included in a source package.

Subdirectory ‘TransView.Rcheck/TransView’ seems to contain an installed version of the package.
* checking if there is a namespace ... OK
* checking for hidden files and directories ... NOTE
Found the following hidden files and directories:
  .project
  TransView.Rcheck/00_pkg_src/TransView/.Rinstignore
  ..Rcheck
  .git
These were most likely included in error. See section ‘Package
structure’ in the ‘Writing R Extensions’ manual.
* checking for portable file names ... OK
* checking for sufficient/correct file permissions ... OK
* checking whether package ‘TransView’ can be installed ... OK
* used C compiler: ‘gcc (Ubuntu 13.3.0-6ubuntu2~24.04) 13.3.0’
* checking installed package size ... OK
* checking package directory ... OK
* checking DESCRIPTION meta-information ... NOTE
Checking should be performed on sources prepared by ‘R CMD build’.
Versioned 'LinkingTo' value for ‘Rhtslib’ is only usable in R >= 3.0.2
* checking top-level files ... OK
* checking for left-over files ... OK
* checking index information ... OK
* checking package subdirectories ... WARNING
Found the following directories with names of check directories:
  ./..Rcheck
  ./TransView.Rcheck
Most likely, these were included erroneously.
* checking code files for non-ASCII characters ... OK
* checking R files for syntax errors ... OK
* checking whether the package can be loaded ... OK
* checking whether the package can be loaded with stated dependencies ... OK
* checking whether the package can be unloaded cleanly ... OK
* checking whether the namespace can be loaded with stated dependencies ... OK
* checking whether the namespace can be unloaded cleanly ... OK
* checking loading without being on the library search path ... OK
* checking whether startup messages can be suppressed ... OK
* checking dependencies in R code ... NOTE
'library' or 'require' call to ‘RUnit’ in package code.
  Please use :: or requireNamespace() instead.
  See section 'Suggested packages' in the 'Writing R Extensions' manual.
* checking S3 generic/method consistency ... OK
* checking replacement functions ... OK
* checking foreign function calls ... OK
* checking R code for possible problems ... NOTE
.test: no visible global function definition for ‘defineTestSuite’
.test: no visible global function definition for ‘runTestSuite’
.test: no visible global function definition for ‘printTextProtocol’
Undefined global functions or variables:
  defineTestSuite printTextProtocol runTestSuite
* checking Rd files ... OK
* checking Rd metadata ... OK
* checking Rd cross-references ... NOTE
Found the following Rd file(s) with Rd \link{} targets missing package
anchors:
  annotatePeaks.Rd: GRanges-class
  gtf2gr.Rd: GRanges-class
  macs2gr.Rd: GRanges-class
  meltPeak.Rd: GRanges-class
  parseReads.Rd: GRanges-class
  peak2tss.Rd: GRanges-class
  plotTV.Rd: GRanges-class
  slice1.Rd: GRanges-class
  slice1T.Rd: GRanges-class
Please provide package anchors for all Rd \link{} targets not in the
package itself and the base packages.
* checking for missing documentation entries ... OK
* checking for code/documentation mismatches ... OK
* checking Rd \usage sections ... OK
* checking Rd contents ... OK
* checking for unstated dependencies in examples ... OK
* checking line endings in C/C++/Fortran sources/headers ... OK
* checking line endings in Makefiles ... OK
* checking compilation flags in Makevars ... WARNING
Variables overriding user/site settings:
  CFLAGS: -o /dev/null -Wno-format
* checking for GNU extensions in Makefiles ... INFO
GNU make is a SystemRequirements.
* checking for portable use of $(BLAS_LIBS) and $(LAPACK_LIBS) ... OK
* checking use of PKG_*FLAGS in Makefiles ... OK
* checking compiled code ... NOTE
File ‘TransView/libs/TransView.so’:
  Found ‘stderr’, possibly from ‘stderr’ (C)
    Object: ‘parse_sam.o’

Compiled code should not call entry points which might terminate R nor
write to stdout/stderr instead of to the console, nor use Fortran I/O
nor system RNGs nor [v]sprintf.

See ‘Writing portable packages’ in the ‘Writing R Extensions’ manual.
* checking files in ‘vignettes’ ... WARNING
Files in the 'vignettes' directory but no files in 'inst/doc':
  ‘TransView.Rnw’ ‘example_induced_top1k.png’
* checking examples ... OK
* checking for unstated dependencies in ‘tests’ ... OK
* checking tests ... OK
  Running ‘TransView_unit_tests.R’
* checking for unstated dependencies in vignettes ... OK
* checking package vignettes ... WARNING
Directory 'inst/doc' does not exist.
Package vignette without corresponding single PDF/HTML:
  ‘TransView.Rnw’
* checking running R code from vignettes ... OK
  ‘TransView.Rnw’... OK
* checking re-building of vignette outputs ... SKIPPED
* checking PDF version of manual ... WARNING
LaTeX errors when creating PDF version.
This typically indicates Rd problems.
* checking PDF version of manual without index ... ERROR
Re-running with no redirection of stdout/stderr.
* DONE
Status: 1 ERROR, 6 WARNINGs, 6 NOTEs
