* installing *source* package ‘TransView’ ...
** this is package ‘TransView’ version ‘1.50.0’
** using staged installation
** libs
using C compiler: ‘gcc (Ubuntu 13.3.0-6ubuntu2~24.04) 13.3.0’
gcc -I"/usr/local/lib/R/include" -DNDEBUG -D_FILE_OFFSET_BITS=64 -I'/usr/local/lib/R/site-library/Rhtslib/include' -I/usr/local/include    -fpic  -g -O2 -fstack-protector-strong -Wformat -Werror=format-security -Wdate-time -D_FORTIFY_SOURCE=2 -g  -c R_init_TransView.c -o R_init_TransView.o
gcc -I"/usr/local/lib/R/include" -DNDEBUG -D_FILE_OFFSET_BITS=64 -I'/usr/local/lib/R/site-library/Rhtslib/include' -I/usr/local/include    -fpic  -g -O2 -fstack-protector-strong -Wformat -Werror=format-security -Wdate-time -D_FORTIFY_SOURCE=2 -g  -c bam_plbuf.c -o bam_plbuf.o
gcc -I"/usr/local/lib/R/include" -DNDEBUG -D_FILE_OFFSET_BITS=64 -I'/usr/local/lib/R/site-library/Rhtslib/include' -I/usr/local/include    -fpic  -g -O2 -fstack-protector-strong -Wformat -Werror=format-security -Wdate-time -D_FORTIFY_SOURCE=2 -g  -c bin_density.c -o bin_density.o
gcc -I"/usr/local/lib/R/include" -DNDEBUG -D_FILE_OFFSET_BITS=64 -I'/usr/local/lib/R/site-library/Rhtslib/include' -I/usr/local/include    -fpic  -g -O2 -fstack-protector-strong -Wformat -Werror=format-security -Wdate-time -D_FORTIFY_SOURCE=2 -g  -c construct_dc.c -o construct_dc.o
In file included from /usr/local/lib/R/site-library/Rhtslib/include/htslib/hts.h:36,
                 from /usr/local/lib/R/site-library/Rhtslib/include/htslib/sam.h:33,
                 from /usr/local/lib/R/site-library/Rhtslib/include/samtools-1.7-compat.h:5,
                 from parse_sam.h:4,
                 from construct_dc.c:23:
/usr/local/lib/R/site-library/Rhtslib/include/htslib/hts_log.h:76:1: warning: ‘Rprintf’ is an unrecognized format function type [-Wformat=]
   76 | HTS_FORMAT(HTS_PRINTF_FMT, 3, 4);
      | ^~~~~~~~~~
gcc -I"/usr/local/lib/R/include" -DNDEBUG -D_FILE_OFFSET_BITS=64 -I'/usr/local/lib/R/site-library/Rhtslib/include' -I/usr/local/include    -fpic  -g -O2 -fstack-protector-strong -Wformat -Werror=format-security -Wdate-time -D_FORTIFY_SOURCE=2 -g  -c parse_sam.c -o parse_sam.o
gcc -I"/usr/local/lib/R/include" -DNDEBUG -D_FILE_OFFSET_BITS=64 -I'/usr/local/lib/R/site-library/Rhtslib/include' -I/usr/local/include    -fpic  -g -O2 -fstack-protector-strong -Wformat -Werror=format-security -Wdate-time -D_FORTIFY_SOURCE=2 -g  -c slice_dc.c -o slice_dc.o
gcc -I"/usr/local/lib/R/include" -DNDEBUG -D_FILE_OFFSET_BITS=64 -I'/usr/local/lib/R/site-library/Rhtslib/include' -I/usr/local/include    -fpic  -g -O2 -fstack-protector-strong -Wformat -Werror=format-security -Wdate-time -D_FORTIFY_SOURCE=2 -g  -c visuals.c -o visuals.o
gcc -shared -L/usr/local/lib/R/lib -L/usr/local/lib -o TransView.so R_init_TransView.o bam_plbuf.o bin_density.o construct_dc.o parse_sam.o slice_dc.o visuals.o /usr/local/lib/R/site-library/Rhtslib/usrlib/libhts.a -lcurl -lbz2 -llzma -lz -lz -L/usr/local/lib/R/lib -lR
installing to /home/rstudio/TransView/TransView.Rcheck/00LOCK-TransView/00new/TransView/libs
** R
** inst
** byte-compile and prepare package for lazy loading
** help
*** installing help indices
** building package indices
** installing vignettes
** testing if installed package can be loaded from temporary location
** checking absolute paths in shared objects and dynamic libraries
** testing if installed package can be loaded from final location
** testing if installed package keeps a record of temporary installation path
* DONE (TransView)
