--- re-building ‘TransView.Rnw’ using Sweave
Loading required package: GenomicRanges
Loading required package: stats4
Loading required package: BiocGenerics
Loading required package: generics

Attaching package: ‘generics’

The following objects are masked from ‘package:base’:

    as.difftime, as.factor, as.ordered, intersect,
    is.element, setdiff, setequal, union


Attaching package: ‘BiocGenerics’

The following objects are masked from ‘package:stats’:

    IQR, mad, sd, var, xtabs

The following objects are masked from ‘package:base’:

    Filter, Find, Map, Position, Reduce, anyDuplicated,
    aperm, append, as.data.frame, basename, cbind,
    colnames, dirname, do.call, duplicated, eval, evalq,
    get, grep, grepl, is.unsorted, lapply, mapply, match,
    mget, order, paste, pmax, pmax.int, pmin, pmin.int,
    rank, rbind, rownames, sapply, saveRDS, table,
    tapply, unique, unsplit, which.max, which.min

Loading required package: S4Vectors

Attaching package: ‘S4Vectors’

The following object is masked from ‘package:utils’:

    findMatches

The following objects are masked from ‘package:base’:

    I, expand.grid, unname

Loading required package: IRanges
Loading required package: GenomeInfoDb
Welcome to TransView version 1.50.0

Attaching package: ‘TransView’

The following object is masked from ‘package:GenomicRanges’:

    pos

The following object is masked from ‘package:IRanges’:

    pos

The following object is masked from ‘package:BiocGenerics’:

    pos

Warning in yinch(0.1) : y log scale:  yinch() is nonsense
Successful annotation within -2kBps to 2kBps: 21, NA peaks without hit
Warning in texi2dvi(file = file, pdf = TRUE, clean = clean, quiet = quiet,  :
  texi2dvi script/program not available, using emulation
Error: processing vignette 'TransView.Rnw' failed with diagnostics:
pdflatex is not available
--- failed re-building ‘TransView.Rnw’

SUMMARY: processing the following file failed:
  ‘TransView.Rnw’

Error: Vignette re-building failed.
Execution halted
